[namor-ia.com/plans/index.html]
[backblue.gif]
[fade.gif]
[index.html]
[namor-ia.com/wp-content/themes/hello-elementor/assets/css/resetedb1.css]
[namor-ia.com/wp-content/themes/hello-elementor/assets/css/themeedb1.css]
[namor-ia.com/wp-content/themes/hello-elementor/assets/css/header-footeredb1.css]
[namor-ia.com/wp-content/plugins/elementor/assets/css/frontend.min55cb.css]
[namor-ia.com/wp-content/uploads/elementor/css/post-768fe.css]
[namor-ia.com/wp-content/plugins/elementor/assets/lib/eicons/css/elementor-icons.min2778.css]
[namor-ia.com/wp-content/plugins/elementor-pro/assets/css/frontend.min3fd0.css]
[namor-ia.com/wp-content/plugins/elementor/assets/css/widget-heading.min55cb.css]
[namor-ia.com/wp-content/plugins/elementor/assets/css/widget-nested-accordion.min55cb.css]
[namor-ia.com/wp-content/uploads/elementor/css/post-23264a6.css]
[namor-ia.com/wp-content/uploads/elementor/google-fonts/css/roboto7f5f.css]
[namor-ia.com/wp-content/uploads/elementor/google-fonts/css/robotoslabdc90.css]
[namor-ia.com/wp-content/uploads/elementor/google-fonts/css/manropeb98f.css]
[namor-ia.com/wp-content/plugins/elementor/assets/lib/font-awesome/css/fontawesome.min52d5.css]
[namor-ia.com/wp-content/plugins/elementor/assets/lib/font-awesome/css/solid.min52d5.css]
[namor-ia.com/wp-includes/js/jquery/jquery.minf43b.js]
[namor-ia.com/wp-includes/js/jquery/jquery-migrate.min5589.js]
[namor-ia.com/wp-content/uploads/2025/07/logo-namoria-1024x342.png]
[namor-ia.com/wp-content/uploads/2025/07/ChatGPT-Image-30-de-jul.-de-2025-10_36_47-1024x683.png]
[namor-ia.com/wp-content/uploads/2025/07/group-photos.jpg]
[namor-ia.com/wp-content/uploads/2025/07/how-works-bg-1.jpg]
[namor-ia.com/wp-content/uploads/2025/07/how-works-bg-2.png]
[namor-ia.com/wp-content/uploads/2025/07/how-works-bg-3.jpg]
[namor-ia.com/wp-content/themes/hello-elementor/assets/js/hello-frontendedb1.js]
[namor-ia.com/wp-content/plugins/elementor/assets/js/webpack.runtime.min55cb.js]
[namor-ia.com/wp-content/plugins/elementor/assets/js/frontend-modules.min55cb.js]
[namor-ia.com/wp-includes/js/jquery/ui/core.minb37e.js]
[namor-ia.com/wp-content/plugins/elementor/assets/js/frontend.min55cb.js]
[namor-ia.com/wp-content/plugins/elementor-pro/assets/js/webpack-pro.runtime.min3fd0.js]
[namor-ia.com/wp-includes/js/dist/hooks.min4fdd.js]
[namor-ia.com/wp-includes/js/dist/i18n.minc33c.js]
[namor-ia.com/wp-content/plugins/elementor-pro/assets/js/frontend.min3fd0.js]
[namor-ia.com/plans/index.html]
[namor-ia.com/wp-content/themes/hello-elementor/assets/css/resetedb1.css]
[namor-ia.com/wp-content/themes/hello-elementor/assets/css/themeedb1.css]
[namor-ia.com/wp-content/themes/hello-elementor/assets/css/header-footeredb1.css]
[namor-ia.com/wp-content/plugins/elementor/assets/css/frontend.min55cb.css]
[namor-ia.com/wp-content/uploads/elementor/css/post-768fe.css]
[namor-ia.com/wp-content/plugins/elementor/assets/lib/eicons/css/elementor-icons.min2778.css]
[namor-ia.com/wp-content/plugins/elementor-pro/assets/css/frontend.min3fd0.css]
[namor-ia.com/wp-content/plugins/elementor/assets/css/widget-image.min55cb.css]
[namor-ia.com/wp-content/plugins/elementor/assets/css/widget-heading.min55cb.css]
[namor-ia.com/wp-content/plugins/elementor/assets/lib/animations/styles/fadeIn.min55cb.css]
[namor-ia.com/wp-content/plugins/elementor/assets/css/widget-nested-accordion.min55cb.css]
[namor-ia.com/wp-content/uploads/elementor/css/post-23264a6.css]
[namor-ia.com/wp-content/uploads/elementor/google-fonts/css/roboto7f5f.css]
[namor-ia.com/wp-content/uploads/elementor/google-fonts/css/robotoslabdc90.css]
[namor-ia.com/wp-content/uploads/elementor/google-fonts/css/manropeb98f.css]
[namor-ia.com/wp-content/plugins/elementor/assets/lib/font-awesome/css/fontawesome.min52d5.css]
[namor-ia.com/wp-content/plugins/elementor/assets/lib/font-awesome/css/solid.min52d5.css]
[namor-ia.com/wp-includes/js/jquery/jquery.minf43b.js]
[namor-ia.com/wp-includes/js/jquery/jquery-migrate.min5589.js]
[namor-ia.com/wp-content/themes/hello-elementor/assets/js/hello-frontendedb1.js]
[namor-ia.com/wp-content/plugins/elementor/assets/js/webpack.runtime.min55cb.js]
[namor-ia.com/wp-content/plugins/elementor/assets/js/frontend-modules.min55cb.js]
[namor-ia.com/wp-includes/js/jquery/ui/core.minb37e.js]
[namor-ia.com/wp-content/plugins/elementor/assets/js/frontend.min55cb.js]
[namor-ia.com/wp-content/plugins/elementor-pro/assets/js/webpack-pro.runtime.min3fd0.js]
[namor-ia.com/wp-includes/js/dist/hooks.min4fdd.js]
[namor-ia.com/wp-includes/js/dist/i18n.minc33c.js]
[namor-ia.com/wp-content/plugins/elementor-pro/assets/js/frontend.min3fd0.js]
[namor-ia.com/wp-content/plugins/elementor-pro/assets/js/preloaded-elements-handlers.min3fd0.js]
[namor-ia.com/plans/OPR/index.html]
[namor-ia.com/plans/document.location]
[namor-ia.com/wp-content/plugins/elementor-pro/assets/js/preloaded-elements-handlers.min3fd0.js]
[namor-ia.com/plans/OPR/index.html]
[namor-ia.com/plans/document.html]
